[1.928s] Invoking command in '/home/cart/dev/ece349/wksp/src/driver': DEBUGINFOD_URLS=https://debuginfod.ubuntu.com PYTHONPATH=/home/cart/dev/ece349/wksp/build/driver/prefix_override:/usr/lib/python3/dist-packages/colcon_core/task/python/colcon_distutils_commands:/home/cart/dev/ece349/wksp/install/driver/lib/python3.12/site-packages:${PYTHONPATH} /usr/bin/python3 -W ignore:setup.py install is deprecated -W ignore:easy_install command is deprecated setup.py egg_info --egg-base ../../build/driver build --build-base /home/cart/dev/ece349/wksp/build/driver/build install --record /home/cart/dev/ece349/wksp/build/driver/install.log --single-version-externally-managed install_data
[2.385s] running egg_info
[2.426s] writing ../../build/driver/driver.egg-info/PKG-INFO
[2.426s] writing dependency_links to ../../build/driver/driver.egg-info/dependency_links.txt
[2.428s] writing requirements to ../../build/driver/driver.egg-info/requires.txt
[2.429s] writing top-level names to ../../build/driver/driver.egg-info/top_level.txt
[2.485s] reading manifest file '../../build/driver/driver.egg-info/SOURCES.txt'
[2.486s] writing manifest file '../../build/driver/driver.egg-info/SOURCES.txt'
[2.486s] running build
[2.486s] running build_py
[2.487s] copying driver/driver_node.py -> /home/cart/dev/ece349/wksp/build/driver/build/lib/driver
[2.487s] running install
[2.496s] running install_lib
[2.539s] copying /home/cart/dev/ece349/wksp/build/driver/build/lib/driver/driver_node.py -> /home/cart/dev/ece349/wksp/install/driver/lib/python3.12/site-packages/driver
[2.539s] byte-compiling /home/cart/dev/ece349/wksp/install/driver/lib/python3.12/site-packages/driver/driver_node.py to driver_node.cpython-312.pyc
[2.541s]   File "/home/cart/dev/ece349/wksp/install/driver/lib/python3.12/site-packages/driver/driver_node.py", line 140
[2.541s]     else
[2.541s]         ^
[2.541s] SyntaxError: expected ':'
[2.541s] 
[2.541s] running install_data
[2.541s] running install_egg_info
[2.571s] removing '/home/cart/dev/ece349/wksp/install/driver/lib/python3.12/site-packages/driver-0.0.0-py3.12.egg-info' (and everything under it)
[2.571s] Copying ../../build/driver/driver.egg-info to /home/cart/dev/ece349/wksp/install/driver/lib/python3.12/site-packages/driver-0.0.0-py3.12.egg-info
[2.572s] running install_scripts
[2.795s] writing list of installed files to '/home/cart/dev/ece349/wksp/build/driver/install.log'
[2.943s] Invoked command in '/home/cart/dev/ece349/wksp/src/driver' returned '0': DEBUGINFOD_URLS=https://debuginfod.ubuntu.com PYTHONPATH=/home/cart/dev/ece349/wksp/build/driver/prefix_override:/usr/lib/python3/dist-packages/colcon_core/task/python/colcon_distutils_commands:/home/cart/dev/ece349/wksp/install/driver/lib/python3.12/site-packages:${PYTHONPATH} /usr/bin/python3 -W ignore:setup.py install is deprecated -W ignore:easy_install command is deprecated setup.py egg_info --egg-base ../../build/driver build --build-base /home/cart/dev/ece349/wksp/build/driver/build install --record /home/cart/dev/ece349/wksp/build/driver/install.log --single-version-externally-managed install_data
