[1.829s] Invoking command in '/home/cart/dev/ece349/wksp/src/gantry': DEBUGINFOD_URLS=https://debuginfod.ubuntu.com PYTHONPATH=/home/cart/dev/ece349/wksp/build/gantry/prefix_override:/usr/lib/python3/dist-packages/colcon_core/task/python/colcon_distutils_commands:/home/cart/dev/ece349/wksp/install/gantry/lib/python3.12/site-packages:${PYTHONPATH} /usr/bin/python3 -W ignore:setup.py install is deprecated -W ignore:easy_install command is deprecated setup.py egg_info --egg-base ../../build/gantry build --build-base /home/cart/dev/ece349/wksp/build/gantry/build install --record /home/cart/dev/ece349/wksp/build/gantry/install.log --single-version-externally-managed install_data
[2.254s] running egg_info
[2.281s] writing ../../build/gantry/gantry.egg-info/PKG-INFO
[2.281s] writing dependency_links to ../../build/gantry/gantry.egg-info/dependency_links.txt
[2.286s] writing entry points to ../../build/gantry/gantry.egg-info/entry_points.txt
[2.286s] writing requirements to ../../build/gantry/gantry.egg-info/requires.txt
[2.286s] writing top-level names to ../../build/gantry/gantry.egg-info/top_level.txt
[2.349s] reading manifest file '../../build/gantry/gantry.egg-info/SOURCES.txt'
[2.350s] writing manifest file '../../build/gantry/gantry.egg-info/SOURCES.txt'
[2.350s] running build
[2.350s] running build_py
[2.351s] running install
[2.360s] running install_lib
[2.397s] running install_data
[2.397s] running install_egg_info
[2.428s] removing '/home/cart/dev/ece349/wksp/install/gantry/lib/python3.12/site-packages/gantry-0.0.0-py3.12.egg-info' (and everything under it)
[2.429s] Copying ../../build/gantry/gantry.egg-info to /home/cart/dev/ece349/wksp/install/gantry/lib/python3.12/site-packages/gantry-0.0.0-py3.12.egg-info
[2.430s] running install_scripts
[2.642s] Installing gantry script to /home/cart/dev/ece349/wksp/install/gantry/lib/gantry
[2.642s] writing list of installed files to '/home/cart/dev/ece349/wksp/build/gantry/install.log'
[2.794s] Invoked command in '/home/cart/dev/ece349/wksp/src/gantry' returned '0': DEBUGINFOD_URLS=https://debuginfod.ubuntu.com PYTHONPATH=/home/cart/dev/ece349/wksp/build/gantry/prefix_override:/usr/lib/python3/dist-packages/colcon_core/task/python/colcon_distutils_commands:/home/cart/dev/ece349/wksp/install/gantry/lib/python3.12/site-packages:${PYTHONPATH} /usr/bin/python3 -W ignore:setup.py install is deprecated -W ignore:easy_install command is deprecated setup.py egg_info --egg-base ../../build/gantry build --build-base /home/cart/dev/ece349/wksp/build/gantry/build install --record /home/cart/dev/ece349/wksp/build/gantry/install.log --single-version-externally-managed install_data
