running egg_info
creating ../../build/driver/driver.egg-info
writing ../../build/driver/driver.egg-info/PKG-INFO
writing dependency_links to ../../build/driver/driver.egg-info/dependency_links.txt
writing requirements to ../../build/driver/driver.egg-info/requires.txt
writing top-level names to ../../build/driver/driver.egg-info/top_level.txt
writing manifest file '../../build/driver/driver.egg-info/SOURCES.txt'
reading manifest file '../../build/driver/driver.egg-info/SOURCES.txt'
writing manifest file '../../build/driver/driver.egg-info/SOURCES.txt'
running build
running build_py
creating /home/cart/dev/ece349/wksp/build/driver/build
creating /home/cart/dev/ece349/wksp/build/driver/build/lib
creating /home/cart/dev/ece349/wksp/build/driver/build/lib/driver
copying driver/__init__.py -> /home/cart/dev/ece349/wksp/build/driver/build/lib/driver
copying driver/driver_node.py -> /home/cart/dev/ece349/wksp/build/driver/build/lib/driver
running install
running install_lib
creating /home/cart/dev/ece349/wksp/install/driver/lib/python3.12/site-packages/driver
copying /home/cart/dev/ece349/wksp/build/driver/build/lib/driver/__init__.py -> /home/cart/dev/ece349/wksp/install/driver/lib/python3.12/site-packages/driver
copying /home/cart/dev/ece349/wksp/build/driver/build/lib/driver/driver_node.py -> /home/cart/dev/ece349/wksp/install/driver/lib/python3.12/site-packages/driver
byte-compiling /home/cart/dev/ece349/wksp/install/driver/lib/python3.12/site-packages/driver/__init__.py to __init__.cpython-312.pyc
byte-compiling /home/cart/dev/ece349/wksp/install/driver/lib/python3.12/site-packages/driver/driver_node.py to driver_node.cpython-312.pyc
  File "/home/cart/dev/ece349/wksp/install/driver/lib/python3.12/site-packages/driver/driver_node.py", line 33
    else 
         ^
SyntaxError: expected ':'

running install_data
creating /home/cart/dev/ece349/wksp/install/driver/share/ament_index
creating /home/cart/dev/ece349/wksp/install/driver/share/ament_index/resource_index
creating /home/cart/dev/ece349/wksp/install/driver/share/ament_index/resource_index/packages
copying resource/driver -> /home/cart/dev/ece349/wksp/install/driver/share/ament_index/resource_index/packages
copying package.xml -> /home/cart/dev/ece349/wksp/install/driver/share/driver
running install_egg_info
Copying ../../build/driver/driver.egg-info to /home/cart/dev/ece349/wksp/install/driver/lib/python3.12/site-packages/driver-0.0.0-py3.12.egg-info
running install_scripts
writing list of installed files to '/home/cart/dev/ece349/wksp/build/driver/install.log'
