running egg_info
writing ../../build/driver/driver.egg-info/PKG-INFO
writing dependency_links to ../../build/driver/driver.egg-info/dependency_links.txt
writing requirements to ../../build/driver/driver.egg-info/requires.txt
writing top-level names to ../../build/driver/driver.egg-info/top_level.txt
reading manifest file '../../build/driver/driver.egg-info/SOURCES.txt'
writing manifest file '../../build/driver/driver.egg-info/SOURCES.txt'
running build
running build_py
copying driver/driver_node.py -> /home/cart/dev/ece349/wksp/build/driver/build/lib/driver
running install
running install_lib
copying /home/cart/dev/ece349/wksp/build/driver/build/lib/driver/driver_node.py -> /home/cart/dev/ece349/wksp/install/driver/lib/python3.12/site-packages/driver
byte-compiling /home/cart/dev/ece349/wksp/install/driver/lib/python3.12/site-packages/driver/driver_node.py to driver_node.cpython-312.pyc
running install_data
running install_egg_info
removing '/home/cart/dev/ece349/wksp/install/driver/lib/python3.12/site-packages/driver-0.0.0-py3.12.egg-info' (and everything under it)
Copying ../../build/driver/driver.egg-info to /home/cart/dev/ece349/wksp/install/driver/lib/python3.12/site-packages/driver-0.0.0-py3.12.egg-info
running install_scripts
writing list of installed files to '/home/cart/dev/ece349/wksp/build/driver/install.log'
