[1.897s] Invoking command in '/home/cart/dev/ece349/wksp/src/driver': DEBUGINFOD_URLS=https://debuginfod.ubuntu.com PYTHONPATH=/home/cart/dev/ece349/wksp/build/driver/prefix_override:/usr/lib/python3/dist-packages/colcon_core/task/python/colcon_distutils_commands:/home/cart/dev/ece349/wksp/install/driver/lib/python3.12/site-packages:${PYTHONPATH} /usr/bin/python3 -W ignore:setup.py install is deprecated -W ignore:easy_install command is deprecated setup.py egg_info --egg-base ../../build/driver build --build-base /home/cart/dev/ece349/wksp/build/driver/build install --record /home/cart/dev/ece349/wksp/build/driver/install.log --single-version-externally-managed install_data
[2.337s] running egg_info
[2.364s] writing ../../build/driver/driver.egg-info/PKG-INFO
[2.366s] writing dependency_links to ../../build/driver/driver.egg-info/dependency_links.txt
[2.367s] writing entry points to ../../build/driver/driver.egg-info/entry_points.txt
[2.368s] writing requirements to ../../build/driver/driver.egg-info/requires.txt
[2.369s] writing top-level names to ../../build/driver/driver.egg-info/top_level.txt
[2.434s] reading manifest file '../../build/driver/driver.egg-info/SOURCES.txt'
[2.435s] writing manifest file '../../build/driver/driver.egg-info/SOURCES.txt'
[2.436s] running build
[2.436s] running build_py
[2.436s] copying driver/driver_node.py -> /home/cart/dev/ece349/wksp/build/driver/build/lib/driver
[2.436s] running install
[2.446s] running install_lib
[2.473s] copying /home/cart/dev/ece349/wksp/build/driver/build/lib/driver/driver_node.py -> /home/cart/dev/ece349/wksp/install/driver/lib/python3.12/site-packages/driver
[2.474s] byte-compiling /home/cart/dev/ece349/wksp/install/driver/lib/python3.12/site-packages/driver/driver_node.py to driver_node.cpython-312.pyc
[2.476s] running install_data
[2.476s] running install_egg_info
[2.506s] removing '/home/cart/dev/ece349/wksp/install/driver/lib/python3.12/site-packages/driver-0.0.0-py3.12.egg-info' (and everything under it)
[2.506s] Copying ../../build/driver/driver.egg-info to /home/cart/dev/ece349/wksp/install/driver/lib/python3.12/site-packages/driver-0.0.0-py3.12.egg-info
[2.507s] running install_scripts
[2.724s] Installing driver_node script to /home/cart/dev/ece349/wksp/install/driver/lib/driver
[2.725s] writing list of installed files to '/home/cart/dev/ece349/wksp/build/driver/install.log'
[2.875s] Invoked command in '/home/cart/dev/ece349/wksp/src/driver' returned '0': DEBUGINFOD_URLS=https://debuginfod.ubuntu.com PYTHONPATH=/home/cart/dev/ece349/wksp/build/driver/prefix_override:/usr/lib/python3/dist-packages/colcon_core/task/python/colcon_distutils_commands:/home/cart/dev/ece349/wksp/install/driver/lib/python3.12/site-packages:${PYTHONPATH} /usr/bin/python3 -W ignore:setup.py install is deprecated -W ignore:easy_install command is deprecated setup.py egg_info --egg-base ../../build/driver build --build-base /home/cart/dev/ece349/wksp/build/driver/build install --record /home/cart/dev/ece349/wksp/build/driver/install.log --single-version-externally-managed install_data
