[2.628s] Invoking command in '/home/cart/dev/ece349/wksp/src/gantry': DEBUGINFOD_URLS=https://debuginfod.ubuntu.com PYTHONPATH=/home/cart/dev/ece349/wksp/build/gantry/prefix_override:/usr/lib/python3/dist-packages/colcon_core/task/python/colcon_distutils_commands:/home/cart/dev/ece349/wksp/install/gantry/lib/python3.12/site-packages:${PYTHONPATH} /usr/bin/python3 -W ignore:setup.py install is deprecated -W ignore:easy_install command is deprecated setup.py egg_info --egg-base ../../build/gantry build --build-base /home/cart/dev/ece349/wksp/build/gantry/build install --record /home/cart/dev/ece349/wksp/build/gantry/install.log --single-version-externally-managed install_data
[3.100s] running egg_info
[3.128s] writing ../../build/gantry/gantry.egg-info/PKG-INFO
[3.128s] writing dependency_links to ../../build/gantry/gantry.egg-info/dependency_links.txt
[3.129s] writing entry points to ../../build/gantry/gantry.egg-info/entry_points.txt
[3.130s] writing requirements to ../../build/gantry/gantry.egg-info/requires.txt
[3.131s] writing top-level names to ../../build/gantry/gantry.egg-info/top_level.txt
[3.204s] reading manifest file '../../build/gantry/gantry.egg-info/SOURCES.txt'
[3.205s] writing manifest file '../../build/gantry/gantry.egg-info/SOURCES.txt'
[3.205s] running build
[3.205s] running build_py
[3.206s] running install
[3.215s] running install_lib
[3.243s] running install_data
[3.244s] running install_egg_info
[3.285s] removing '/home/cart/dev/ece349/wksp/install/gantry/lib/python3.12/site-packages/gantry-0.0.0-py3.12.egg-info' (and everything under it)
[3.287s] Copying ../../build/gantry/gantry.egg-info to /home/cart/dev/ece349/wksp/install/gantry/lib/python3.12/site-packages/gantry-0.0.0-py3.12.egg-info
[3.290s] running install_scripts
[3.519s] Installing gantry script to /home/cart/dev/ece349/wksp/install/gantry/lib/gantry
[3.519s] writing list of installed files to '/home/cart/dev/ece349/wksp/build/gantry/install.log'
[3.649s] Invoked command in '/home/cart/dev/ece349/wksp/src/gantry' returned '0': DEBUGINFOD_URLS=https://debuginfod.ubuntu.com PYTHONPATH=/home/cart/dev/ece349/wksp/build/gantry/prefix_override:/usr/lib/python3/dist-packages/colcon_core/task/python/colcon_distutils_commands:/home/cart/dev/ece349/wksp/install/gantry/lib/python3.12/site-packages:${PYTHONPATH} /usr/bin/python3 -W ignore:setup.py install is deprecated -W ignore:easy_install command is deprecated setup.py egg_info --egg-base ../../build/gantry build --build-base /home/cart/dev/ece349/wksp/build/gantry/build install --record /home/cart/dev/ece349/wksp/build/gantry/install.log --single-version-externally-managed install_data
