[1.850s] Invoking command in '/home/cart/dev/ece349/wksp/src/driver': DEBUGINFOD_URLS=https://debuginfod.ubuntu.com PYTHONPATH=/home/cart/dev/ece349/wksp/build/driver/prefix_override:/usr/lib/python3/dist-packages/colcon_core/task/python/colcon_distutils_commands:/home/cart/dev/ece349/wksp/install/driver/lib/python3.12/site-packages:${PYTHONPATH} /usr/bin/python3 -W ignore:setup.py install is deprecated -W ignore:easy_install command is deprecated setup.py egg_info --egg-base ../../build/driver build --build-base /home/cart/dev/ece349/wksp/build/driver/build install --record /home/cart/dev/ece349/wksp/build/driver/install.log --single-version-externally-managed install_data
[2.282s] running egg_info
[2.314s] writing ../../build/driver/driver.egg-info/PKG-INFO
[2.316s] writing dependency_links to ../../build/driver/driver.egg-info/dependency_links.txt
[2.317s] writing entry points to ../../build/driver/driver.egg-info/entry_points.txt
[2.323s] writing requirements to ../../build/driver/driver.egg-info/requires.txt
[2.323s] writing top-level names to ../../build/driver/driver.egg-info/top_level.txt
[2.379s] reading manifest file '../../build/driver/driver.egg-info/SOURCES.txt'
[2.380s] writing manifest file '../../build/driver/driver.egg-info/SOURCES.txt'
[2.380s] running build
[2.381s] running build_py
[2.381s] copying driver/driver_node.py -> /home/cart/dev/ece349/wksp/build/driver/build/lib/driver
[2.381s] running install
[2.391s] running install_lib
[2.432s] copying /home/cart/dev/ece349/wksp/build/driver/build/lib/driver/driver_node.py -> /home/cart/dev/ece349/wksp/install/driver/lib/python3.12/site-packages/driver
[2.432s] byte-compiling /home/cart/dev/ece349/wksp/install/driver/lib/python3.12/site-packages/driver/driver_node.py to driver_node.cpython-312.pyc
[2.435s] running install_data
[2.435s] running install_egg_info
[2.464s] removing '/home/cart/dev/ece349/wksp/install/driver/lib/python3.12/site-packages/driver-0.0.0-py3.12.egg-info' (and everything under it)
[2.464s] Copying ../../build/driver/driver.egg-info to /home/cart/dev/ece349/wksp/install/driver/lib/python3.12/site-packages/driver-0.0.0-py3.12.egg-info
[2.466s] running install_scripts
[2.679s] Installing driver_node script to /home/cart/dev/ece349/wksp/install/driver/lib/driver
[2.680s] writing list of installed files to '/home/cart/dev/ece349/wksp/build/driver/install.log'
[2.802s] Invoked command in '/home/cart/dev/ece349/wksp/src/driver' returned '0': DEBUGINFOD_URLS=https://debuginfod.ubuntu.com PYTHONPATH=/home/cart/dev/ece349/wksp/build/driver/prefix_override:/usr/lib/python3/dist-packages/colcon_core/task/python/colcon_distutils_commands:/home/cart/dev/ece349/wksp/install/driver/lib/python3.12/site-packages:${PYTHONPATH} /usr/bin/python3 -W ignore:setup.py install is deprecated -W ignore:easy_install command is deprecated setup.py egg_info --egg-base ../../build/driver build --build-base /home/cart/dev/ece349/wksp/build/driver/build install --record /home/cart/dev/ece349/wksp/build/driver/install.log --single-version-externally-managed install_data
