running egg_info
creating ../../build/gantry/gantry.egg-info
writing ../../build/gantry/gantry.egg-info/PKG-INFO
writing dependency_links to ../../build/gantry/gantry.egg-info/dependency_links.txt
writing entry points to ../../build/gantry/gantry.egg-info/entry_points.txt
writing requirements to ../../build/gantry/gantry.egg-info/requires.txt
writing top-level names to ../../build/gantry/gantry.egg-info/top_level.txt
writing manifest file '../../build/gantry/gantry.egg-info/SOURCES.txt'
reading manifest file '../../build/gantry/gantry.egg-info/SOURCES.txt'
writing manifest file '../../build/gantry/gantry.egg-info/SOURCES.txt'
running build
running build_py
creating /home/jkbc/dev/ece349/wksp/build/gantry/build
creating /home/jkbc/dev/ece349/wksp/build/gantry/build/lib
creating /home/jkbc/dev/ece349/wksp/build/gantry/build/lib/gantry
copying gantry/__init__.py -> /home/jkbc/dev/ece349/wksp/build/gantry/build/lib/gantry
copying gantry/gantry_node.py -> /home/jkbc/dev/ece349/wksp/build/gantry/build/lib/gantry
running install
running install_lib
creating /home/jkbc/dev/ece349/wksp/install/gantry/lib/python3.12/site-packages/gantry
copying /home/jkbc/dev/ece349/wksp/build/gantry/build/lib/gantry/__init__.py -> /home/jkbc/dev/ece349/wksp/install/gantry/lib/python3.12/site-packages/gantry
copying /home/jkbc/dev/ece349/wksp/build/gantry/build/lib/gantry/gantry_node.py -> /home/jkbc/dev/ece349/wksp/install/gantry/lib/python3.12/site-packages/gantry
byte-compiling /home/jkbc/dev/ece349/wksp/install/gantry/lib/python3.12/site-packages/gantry/__init__.py to __init__.cpython-312.pyc
byte-compiling /home/jkbc/dev/ece349/wksp/install/gantry/lib/python3.12/site-packages/gantry/gantry_node.py to gantry_node.cpython-312.pyc
running install_data
creating /home/jkbc/dev/ece349/wksp/install/gantry/share/ament_index
creating /home/jkbc/dev/ece349/wksp/install/gantry/share/ament_index/resource_index
creating /home/jkbc/dev/ece349/wksp/install/gantry/share/ament_index/resource_index/packages
copying resource/gantry -> /home/jkbc/dev/ece349/wksp/install/gantry/share/ament_index/resource_index/packages
copying package.xml -> /home/jkbc/dev/ece349/wksp/install/gantry/share/gantry
running install_egg_info
Copying ../../build/gantry/gantry.egg-info to /home/jkbc/dev/ece349/wksp/install/gantry/lib/python3.12/site-packages/gantry-0.0.0-py3.12.egg-info
running install_scripts
Installing gantry script to /home/jkbc/dev/ece349/wksp/install/gantry/lib/gantry
writing list of installed files to '/home/jkbc/dev/ece349/wksp/build/gantry/install.log'
