[0.759s] Invoking command in '/home/jkbc/dev/ece349/wksp/src/gantry': DEBUGINFOD_URLS=https://debuginfod.archlinux.org PYTHONPATH=/home/jkbc/dev/ece349/wksp/build/gantry/prefix_override:/home/jkbc/dev/ece349/wksp/install/gantry/lib/python3.12/site-packages:${PYTHONPATH} _=/usr/bin/env /usr/bin/python -W ignore:setup.py install is deprecated setup.py egg_info --egg-base ../../build/gantry build --build-base /home/jkbc/dev/ece349/wksp/build/gantry/build install --record /home/jkbc/dev/ece349/wksp/build/gantry/install.log --single-version-externally-managed install_data
[0.943s] running egg_info
[0.943s] creating ../../build/gantry/gantry.egg-info
[0.952s] writing ../../build/gantry/gantry.egg-info/PKG-INFO
[0.952s] writing dependency_links to ../../build/gantry/gantry.egg-info/dependency_links.txt
[0.952s] writing entry points to ../../build/gantry/gantry.egg-info/entry_points.txt
[0.952s] writing requirements to ../../build/gantry/gantry.egg-info/requires.txt
[0.952s] writing top-level names to ../../build/gantry/gantry.egg-info/top_level.txt
[0.952s] writing manifest file '../../build/gantry/gantry.egg-info/SOURCES.txt'
[1.116s] reading manifest file '../../build/gantry/gantry.egg-info/SOURCES.txt'
[1.116s] writing manifest file '../../build/gantry/gantry.egg-info/SOURCES.txt'
[1.116s] running build
[1.117s] running build_py
[1.117s] creating /home/jkbc/dev/ece349/wksp/build/gantry/build
[1.117s] creating /home/jkbc/dev/ece349/wksp/build/gantry/build/lib
[1.117s] creating /home/jkbc/dev/ece349/wksp/build/gantry/build/lib/gantry
[1.117s] copying gantry/__init__.py -> /home/jkbc/dev/ece349/wksp/build/gantry/build/lib/gantry
[1.117s] copying gantry/gantry_node.py -> /home/jkbc/dev/ece349/wksp/build/gantry/build/lib/gantry
[1.117s] running install
[1.121s] running install_lib
[1.138s] creating /home/jkbc/dev/ece349/wksp/install/gantry/lib/python3.12/site-packages/gantry
[1.138s] copying /home/jkbc/dev/ece349/wksp/build/gantry/build/lib/gantry/__init__.py -> /home/jkbc/dev/ece349/wksp/install/gantry/lib/python3.12/site-packages/gantry
[1.138s] copying /home/jkbc/dev/ece349/wksp/build/gantry/build/lib/gantry/gantry_node.py -> /home/jkbc/dev/ece349/wksp/install/gantry/lib/python3.12/site-packages/gantry
[1.139s] byte-compiling /home/jkbc/dev/ece349/wksp/install/gantry/lib/python3.12/site-packages/gantry/__init__.py to __init__.cpython-312.pyc
[1.139s] byte-compiling /home/jkbc/dev/ece349/wksp/install/gantry/lib/python3.12/site-packages/gantry/gantry_node.py to gantry_node.cpython-312.pyc
[1.140s] running install_data
[1.140s] creating /home/jkbc/dev/ece349/wksp/install/gantry/share/ament_index
[1.140s] creating /home/jkbc/dev/ece349/wksp/install/gantry/share/ament_index/resource_index
[1.140s] creating /home/jkbc/dev/ece349/wksp/install/gantry/share/ament_index/resource_index/packages
[1.140s] copying resource/gantry -> /home/jkbc/dev/ece349/wksp/install/gantry/share/ament_index/resource_index/packages
[1.140s] copying package.xml -> /home/jkbc/dev/ece349/wksp/install/gantry/share/gantry
[1.140s] running install_egg_info
[1.161s] Copying ../../build/gantry/gantry.egg-info to /home/jkbc/dev/ece349/wksp/install/gantry/lib/python3.12/site-packages/gantry-0.0.0-py3.12.egg-info
[1.162s] running install_scripts
[1.249s] Installing gantry script to /home/jkbc/dev/ece349/wksp/install/gantry/lib/gantry
[1.249s] writing list of installed files to '/home/jkbc/dev/ece349/wksp/build/gantry/install.log'
[1.270s] Invoked command in '/home/jkbc/dev/ece349/wksp/src/gantry' returned '0': DEBUGINFOD_URLS=https://debuginfod.archlinux.org PYTHONPATH=/home/jkbc/dev/ece349/wksp/build/gantry/prefix_override:/home/jkbc/dev/ece349/wksp/install/gantry/lib/python3.12/site-packages:${PYTHONPATH} _=/usr/bin/env /usr/bin/python -W ignore:setup.py install is deprecated setup.py egg_info --egg-base ../../build/gantry build --build-base /home/jkbc/dev/ece349/wksp/build/gantry/build install --record /home/jkbc/dev/ece349/wksp/build/gantry/install.log --single-version-externally-managed install_data
