[0.000000] (-) TimerEvent: {}
[0.000244] (gantry) JobQueued: {'identifier': 'gantry', 'dependencies': OrderedDict()}
[0.000290] (gantry) JobStarted: {'identifier': 'gantry'}
[0.099564] (-) TimerEvent: {}
[0.199920] (-) TimerEvent: {}
[0.300297] (-) TimerEvent: {}
[0.400579] (-) TimerEvent: {}
[0.500943] (-) TimerEvent: {}
[0.601331] (-) TimerEvent: {}
[0.701771] (-) TimerEvent: {}
[0.758491] (gantry) Command: {'cmd': ['/usr/bin/python', '-W', 'ignore:setup.py install is deprecated', 'setup.py', 'egg_info', '--egg-base', '../../build/gantry', 'build', '--build-base', '/home/jkbc/dev/ece349/wksp/build/gantry/build', 'install', '--record', '/home/jkbc/dev/ece349/wksp/build/gantry/install.log', '--single-version-externally-managed', 'install_data'], 'cwd': '/home/jkbc/dev/ece349/wksp/src/gantry', 'env': {'SHELL': '/usr/bin/zsh', 'ROS_VERSION': '2', 'COLORTERM': 'truecolor', 'HYPRLAND_CMD': 'Hyprland', 'CSF_MDTVTexturesDirectory': '/usr/share/opencascade/resources/Textures', 'XDG_SESSION_PATH': '/org/freedesktop/DisplayManager/Session2', 'TERM_PROGRAM_VERSION': '3.4', 'XDG_BACKEND': 'wayland', 'TMUX': '/tmp/tmux-1000/default,73024,0', 'CSF_DrawPluginDefaults': '/usr/share/opencascade/resources/DrawResources', 'PKG_CONFIG_PATH': '/opt/ros/jazzy-base/lib/pkgconfig', 'ROS_PYTHON_VERSION': '3', '_P9K_TTY': '/dev/pts/1', 'CSF_LANGUAGE': 'us', 'CSF_MIGRATION_TYPES': '/usr/share/opencascade/resources/StdResource/MigrationSheet.txt', 'P9K_TTY': 'old', 'TMUX_PLUGIN_MANAGER_PATH': '/home/jkbc/.config/tmux/plugins/', 'DESKTOP_SESSION': 'hyprland', 'KITTY_PID': '73016', 'HL_INITIAL_WORKSPACE_TOKEN': '9c916ef6-3a0a-4e27-8162-cda7b8a60859', 'CSF_OCCTResourcePath': '/usr/share/opencascade/resources', 'XCURSOR_SIZE': '24', 'CSF_STEPDefaults': '/usr/share/opencascade/resources/XSTEPResource', 'XDG_SEAT': 'seat0', 'PWD': '/home/jkbc/dev/ece349/wksp/build/gantry', 'XDG_SESSION_DESKTOP': '', 'LOGNAME': 'jkbc', 'QT_QPA_PLATFORMTHEME': 'qt5ct', 'XDG_SESSION_TYPE': 'wayland', 'DRAWHOME': '/usr/share/opencascade/resources/DrawResources', 'CSF_StandardLiteDefaults': '/usr/share/opencascade/resources/StdResource', 'KITTY_PUBLIC_KEY': '1:JlbL(F)~8jByi6`jcw)Cq0E+uoy%DWu5A9~;RG@$', 'MOTD_SHOWN': 'pam', 'PICO_SDK_PATH': '/usr/share/pico-sdk', 'HOME': '/home/jkbc', 'LANG': 'en_US.UTF-8', '_JAVA_AWT_WM_NONREPARENTING': '1', 'XDG_CURRENT_DESKTOP': 'Hyprland', 'WAYLAND_DISPLAY': 'wayland-1', 'KITTY_WINDOW_ID': '1', 'AMENT_PREFIX_PATH': '/opt/ros/jazzy-base', 'CMAKE_PREFIX_PATH': '/opt/ros/jazzy-base/opt/console_bridge_vendor:/opt/ros/jazzy-base', 'XDG_SEAT_PATH': '/org/freedesktop/DisplayManager/Seat0', 'ROS_AUTOMATIC_DISCOVERY_RANGE': 'SUBNET', 'COLCON_PREFIX_PATH': '/opt/ros/jazzy-base', 'CSF_ShadersDirectory': '/usr/share/opencascade/resources/Shaders', 'CSF_EXCEPTION_PROMPT': '1', 'CSF_XmlOcafResource': '/usr/share/opencascade/resources/XmlOcafResource', 'CSF_SHMessage': '/usr/share/opencascade/resources/SHMessage', 'GEM_HOME': '/home/jkbc/.local/share/gem/ruby/3.2.0', 'XDG_SESSION_CLASS': 'user', 'PYTHONPATH': '/home/jkbc/dev/ece349/wksp/build/gantry/prefix_override:/home/jkbc/dev/ece349/wksp/install/gantry/lib/python3.12/site-packages:/opt/ros/jazzy-base/lib/python3.12/site-packages', 'COLCON': '1', 'TERMINFO': '/usr/lib/kitty/terminfo', 'TERM': 'tmux-256color', 'USER': 'jkbc', 'TMUX_PANE': '%0', 'CSF_StandardDefaults': '/usr/share/opencascade/resources/StdResource', 'CSF_IGESDefaults': '/usr/share/opencascade/resources/XSTEPResource', 'HYPRLAND_INSTANCE_SIGNATURE': '918d8340afd652b011b937d29d5eea0be08467f5_1745254410_907428759', 'DISPLAY': ':0', 'CSF_XCAFDefaults': '/usr/share/opencascade/resources/StdResource', 'SHLVL': '1', 'MOZ_ENABLE_WAYLAND': '1', '_P9K_SSH_TTY': '/dev/pts/1', 'XDG_VTNR': '2', 'CSF_PluginDefaults': '/usr/share/opencascade/resources/StdResource', 'CSF_TObjMessage': '/usr/share/opencascade/resources/TObj', 'XDG_SESSION_ID': '2', 'ATUIN_SESSION': '01965f141bd97de5855883926da38652', 'CASROOT': '/usr', 'ATUIN_HISTORY_ID': '01965f1dc3fc7305be9164a9f45f3b78', 'LD_LIBRARY_PATH': '/opt/ros/jazzy-base/opt/mimick_vendor/lib:/opt/ros/jazzy-base/opt/console_bridge_vendor/lib:/opt/ros/jazzy-base/lib', 'XDG_RUNTIME_DIR': '/run/user/1000', 'DEBUGINFOD_URLS': 'https://debuginfod.archlinux.org', 'P9K_SSH': '0', 'CSF_XSMessage': '/usr/share/opencascade/resources/XSMessage', 'MMGT_CLEAR': '1', 'PATH': '/opt/ros/jazzy-base/opt/uncrustify_vendor/bin:/opt/ros/jazzy-base/bin:/usr/local/sbin:/usr/local/bin:/usr/bin:/home/jkbc/.cargo/bin:/usr/lib/jvm/default/bin:/usr/bin/site_perl:/usr/bin/vendor_perl:/usr/bin/core_perl:/home/jkbc/.cargo/bin:/home/jkbc/.spicetify:/home/jkbc/.local/share/gem/ruby/3.2.0/bin', 'CSF_TObjDefaults': '/usr/share/opencascade/resources/StdResource', 'DBUS_SESSION_BUS_ADDRESS': 'unix:path=/run/user/1000/bus', 'MAIL': '/var/spool/mail/jkbc', 'DRAWDEFAULT': '/usr/share/opencascade/resources/DrawResources/DrawDefault', 'ROS_DISTRO': 'jazzy', 'KITTY_INSTALLATION_DIR': '/usr/lib/kitty', 'OLDPWD': '/home/jkbc/dev/ece349/wksp/src', 'TERM_PROGRAM': 'tmux', '_': '/usr/bin/env'}, 'shell': False}
[0.801879] (-) TimerEvent: {}
[0.902064] (-) TimerEvent: {}
[0.942737] (gantry) StdoutLine: {'line': b'running egg_info\n'}
[0.942876] (gantry) StdoutLine: {'line': b'creating ../../build/gantry/gantry.egg-info\n'}
[0.952230] (gantry) StdoutLine: {'line': b'writing ../../build/gantry/gantry.egg-info/PKG-INFO\n'}
[0.952398] (gantry) StdoutLine: {'line': b'writing dependency_links to ../../build/gantry/gantry.egg-info/dependency_links.txt\n'}
[0.952504] (gantry) StdoutLine: {'line': b'writing entry points to ../../build/gantry/gantry.egg-info/entry_points.txt\n'}
[0.952608] (gantry) StdoutLine: {'line': b'writing requirements to ../../build/gantry/gantry.egg-info/requires.txt\n'}
[0.952644] (gantry) StdoutLine: {'line': b'writing top-level names to ../../build/gantry/gantry.egg-info/top_level.txt\n'}
[0.952696] (gantry) StdoutLine: {'line': b"writing manifest file '../../build/gantry/gantry.egg-info/SOURCES.txt'\n"}
[1.002170] (-) TimerEvent: {}
[1.102348] (-) TimerEvent: {}
[1.116083] (gantry) StdoutLine: {'line': b"reading manifest file '../../build/gantry/gantry.egg-info/SOURCES.txt'\n"}
[1.116675] (gantry) StdoutLine: {'line': b"writing manifest file '../../build/gantry/gantry.egg-info/SOURCES.txt'\n"}
[1.116726] (gantry) StdoutLine: {'line': b'running build\n'}
[1.116773] (gantry) StdoutLine: {'line': b'running build_py\n'}
[1.116809] (gantry) StdoutLine: {'line': b'creating /home/jkbc/dev/ece349/wksp/build/gantry/build\n'}
[1.116906] (gantry) StdoutLine: {'line': b'creating /home/jkbc/dev/ece349/wksp/build/gantry/build/lib\n'}
[1.116946] (gantry) StdoutLine: {'line': b'creating /home/jkbc/dev/ece349/wksp/build/gantry/build/lib/gantry\n'}
[1.117006] (gantry) StdoutLine: {'line': b'copying gantry/__init__.py -> /home/jkbc/dev/ece349/wksp/build/gantry/build/lib/gantry\n'}
[1.117045] (gantry) StdoutLine: {'line': b'copying gantry/gantry_node.py -> /home/jkbc/dev/ece349/wksp/build/gantry/build/lib/gantry\n'}
[1.117096] (gantry) StdoutLine: {'line': b'running install\n'}
[1.121609] (gantry) StdoutLine: {'line': b'running install_lib\n'}
[1.137963] (gantry) StdoutLine: {'line': b'creating /home/jkbc/dev/ece349/wksp/install/gantry/lib/python3.12/site-packages/gantry\n'}
[1.138368] (gantry) StdoutLine: {'line': b'copying /home/jkbc/dev/ece349/wksp/build/gantry/build/lib/gantry/__init__.py -> /home/jkbc/dev/ece349/wksp/install/gantry/lib/python3.12/site-packages/gantry\n'}
[1.138525] (gantry) StdoutLine: {'line': b'copying /home/jkbc/dev/ece349/wksp/build/gantry/build/lib/gantry/gantry_node.py -> /home/jkbc/dev/ece349/wksp/install/gantry/lib/python3.12/site-packages/gantry\n'}
[1.138750] (gantry) StdoutLine: {'line': b'byte-compiling /home/jkbc/dev/ece349/wksp/install/gantry/lib/python3.12/site-packages/gantry/__init__.py to __init__.cpython-312.pyc\n'}
[1.138966] (gantry) StdoutLine: {'line': b'byte-compiling /home/jkbc/dev/ece349/wksp/install/gantry/lib/python3.12/site-packages/gantry/gantry_node.py to gantry_node.cpython-312.pyc\n'}
[1.139746] (gantry) StdoutLine: {'line': b'running install_data\n'}
[1.139910] (gantry) StdoutLine: {'line': b'creating /home/jkbc/dev/ece349/wksp/install/gantry/share/ament_index\n'}
[1.140073] (gantry) StdoutLine: {'line': b'creating /home/jkbc/dev/ece349/wksp/install/gantry/share/ament_index/resource_index\n'}
[1.140201] (gantry) StdoutLine: {'line': b'creating /home/jkbc/dev/ece349/wksp/install/gantry/share/ament_index/resource_index/packages\n'}
[1.140362] (gantry) StdoutLine: {'line': b'copying resource/gantry -> /home/jkbc/dev/ece349/wksp/install/gantry/share/ament_index/resource_index/packages\n'}
[1.140532] (gantry) StdoutLine: {'line': b'copying package.xml -> /home/jkbc/dev/ece349/wksp/install/gantry/share/gantry\n'}
[1.140653] (gantry) StdoutLine: {'line': b'running install_egg_info\n'}
[1.161355] (gantry) StdoutLine: {'line': b'Copying ../../build/gantry/gantry.egg-info to /home/jkbc/dev/ece349/wksp/install/gantry/lib/python3.12/site-packages/gantry-0.0.0-py3.12.egg-info\n'}
[1.162163] (gantry) StdoutLine: {'line': b'running install_scripts\n'}
[1.202429] (-) TimerEvent: {}
[1.249033] (gantry) StdoutLine: {'line': b'Installing gantry script to /home/jkbc/dev/ece349/wksp/install/gantry/lib/gantry\n'}
[1.249275] (gantry) StdoutLine: {'line': b"writing list of installed files to '/home/jkbc/dev/ece349/wksp/build/gantry/install.log'\n"}
[1.270419] (gantry) CommandEnded: {'returncode': 0}
[1.289959] (gantry) JobEnded: {'identifier': 'gantry', 'rc': 0}
[1.290878] (-) EventReactorShutdown: {}
