[0.263s] DEBUG:colcon:Command line arguments: ['/usr/bin/colcon', 'build']
[0.263s] DEBUG:colcon:Parsed command line arguments: Namespace(log_base=None, log_level=None, verb_name='build', build_base='build', install_base='install', merge_install=False, symlink_install=False, test_result_base=None, continue_on_error=False, executor='parallel', parallel_workers=16, event_handlers=None, ignore_user_meta=False, metas=['./colcon.meta'], base_paths=['.'], packages_ignore=None, packages_ignore_regex=None, paths=None, packages_up_to=None, packages_up_to_regex=None, packages_above=None, packages_above_and_dependencies=None, packages_above_depth=None, packages_select_by_dep=None, packages_skip_by_dep=None, packages_skip_up_to=None, packages_select_build_failed=False, packages_skip_build_finished=False, packages_select_test_failures=False, packages_skip_test_passed=False, packages_select=None, packages_skip=None, packages_select_regex=None, packages_skip_regex=None, packages_start=None, packages_end=None, cmake_args=None, cmake_target=None, cmake_target_skip_unavailable=False, cmake_clean_cache=False, cmake_clean_first=False, cmake_force_configure=False, ament_cmake_args=None, catkin_cmake_args=None, catkin_skip_building_tests=False, verb_parser=<colcon_defaults.argument_parser.defaults.DefaultArgumentsDecorator object at 0x72219e76b560>, verb_extension=<colcon_core.verb.build.BuildVerb object at 0x72219e74d3a0>, main=<bound method BuildVerb.main of <colcon_core.verb.build.BuildVerb object at 0x72219e74d3a0>>)
[0.332s] Level 1:colcon.colcon_core.package_discovery:discover_packages(colcon_meta) check parameters
[0.332s] Level 1:colcon.colcon_core.package_discovery:discover_packages(recursive) check parameters
[0.333s] Level 1:colcon.colcon_core.package_discovery:discover_packages(ignore) check parameters
[0.333s] Level 1:colcon.colcon_core.package_discovery:discover_packages(path) check parameters
[0.333s] Level 1:colcon.colcon_core.package_discovery:discover_packages(colcon_meta) discover
[0.333s] Level 1:colcon.colcon_core.package_discovery:discover_packages(recursive) discover
[0.333s] INFO:colcon.colcon_core.package_discovery:Crawling recursively for packages in '/home/jkbc/dev/ece349/wksp'
[0.333s] Level 1:colcon.colcon_core.package_identification:_identify(.) by extensions ['ignore', 'ignore_ament_install']
[0.333s] Level 1:colcon.colcon_core.package_identification:_identify(.) by extension 'ignore'
[0.333s] Level 1:colcon.colcon_core.package_identification:_identify(.) by extension 'ignore_ament_install'
[0.333s] Level 1:colcon.colcon_core.package_identification:_identify(.) by extensions ['colcon_pkg']
[0.333s] Level 1:colcon.colcon_core.package_identification:_identify(.) by extension 'colcon_pkg'
[0.333s] Level 1:colcon.colcon_core.package_identification:_identify(.) by extensions ['colcon_meta']
[0.333s] Level 1:colcon.colcon_core.package_identification:_identify(.) by extension 'colcon_meta'
[0.334s] Level 1:colcon.colcon_core.package_identification:_identify(.) by extensions ['ros']
[0.334s] Level 1:colcon.colcon_core.package_identification:_identify(.) by extension 'ros'
[0.376s] Level 1:colcon.colcon_core.package_identification:_identify(.) by extensions ['cmake', 'python']
[0.376s] Level 1:colcon.colcon_core.package_identification:_identify(.) by extension 'cmake'
[0.376s] Level 1:colcon.colcon_core.package_identification:_identify(.) by extension 'python'
[0.376s] Level 1:colcon.colcon_core.package_identification:_identify(.) by extensions ['python_setup_py']
[0.376s] Level 1:colcon.colcon_core.package_identification:_identify(.) by extension 'python_setup_py'
[0.376s] Level 1:colcon.colcon_core.package_identification:_identify(build) by extensions ['ignore', 'ignore_ament_install']
[0.376s] Level 1:colcon.colcon_core.package_identification:_identify(build) by extension 'ignore'
[0.376s] Level 1:colcon.colcon_core.package_identification:_identify(build) ignored
[0.376s] Level 1:colcon.colcon_core.package_identification:_identify(install) by extensions ['ignore', 'ignore_ament_install']
[0.376s] Level 1:colcon.colcon_core.package_identification:_identify(install) by extension 'ignore'
[0.376s] Level 1:colcon.colcon_core.package_identification:_identify(install) ignored
[0.376s] Level 1:colcon.colcon_core.package_identification:_identify(log) by extensions ['ignore', 'ignore_ament_install']
[0.376s] Level 1:colcon.colcon_core.package_identification:_identify(log) by extension 'ignore'
[0.377s] Level 1:colcon.colcon_core.package_identification:_identify(log) ignored
[0.377s] Level 1:colcon.colcon_core.package_identification:_identify(src) by extensions ['ignore', 'ignore_ament_install']
[0.377s] Level 1:colcon.colcon_core.package_identification:_identify(src) by extension 'ignore'
[0.377s] Level 1:colcon.colcon_core.package_identification:_identify(src) by extension 'ignore_ament_install'
[0.377s] Level 1:colcon.colcon_core.package_identification:_identify(src) by extensions ['colcon_pkg']
[0.377s] Level 1:colcon.colcon_core.package_identification:_identify(src) by extension 'colcon_pkg'
[0.377s] Level 1:colcon.colcon_core.package_identification:_identify(src) by extensions ['colcon_meta']
[0.377s] Level 1:colcon.colcon_core.package_identification:_identify(src) by extension 'colcon_meta'
[0.377s] Level 1:colcon.colcon_core.package_identification:_identify(src) by extensions ['ros']
[0.377s] Level 1:colcon.colcon_core.package_identification:_identify(src) by extension 'ros'
[0.377s] Level 1:colcon.colcon_core.package_identification:_identify(src) by extensions ['cmake', 'python']
[0.377s] Level 1:colcon.colcon_core.package_identification:_identify(src) by extension 'cmake'
[0.377s] Level 1:colcon.colcon_core.package_identification:_identify(src) by extension 'python'
[0.377s] Level 1:colcon.colcon_core.package_identification:_identify(src) by extensions ['python_setup_py']
[0.377s] Level 1:colcon.colcon_core.package_identification:_identify(src) by extension 'python_setup_py'
[0.377s] Level 1:colcon.colcon_core.package_identification:_identify(src/gantry) by extensions ['ignore', 'ignore_ament_install']
[0.377s] Level 1:colcon.colcon_core.package_identification:_identify(src/gantry) by extension 'ignore'
[0.377s] Level 1:colcon.colcon_core.package_identification:_identify(src/gantry) by extension 'ignore_ament_install'
[0.377s] Level 1:colcon.colcon_core.package_identification:_identify(src/gantry) by extensions ['colcon_pkg']
[0.377s] Level 1:colcon.colcon_core.package_identification:_identify(src/gantry) by extension 'colcon_pkg'
[0.377s] Level 1:colcon.colcon_core.package_identification:_identify(src/gantry) by extensions ['colcon_meta']
[0.377s] Level 1:colcon.colcon_core.package_identification:_identify(src/gantry) by extension 'colcon_meta'
[0.377s] Level 1:colcon.colcon_core.package_identification:_identify(src/gantry) by extensions ['ros']
[0.377s] Level 1:colcon.colcon_core.package_identification:_identify(src/gantry) by extension 'ros'
[0.381s] DEBUG:colcon.colcon_core.package_identification:Package 'src/gantry' with type 'ros.ament_python' and name 'gantry'
[0.381s] Level 1:colcon.colcon_core.package_discovery:discover_packages(recursive) using defaults
[0.381s] Level 1:colcon.colcon_core.package_discovery:discover_packages(ignore) discover
[0.381s] Level 1:colcon.colcon_core.package_discovery:discover_packages(ignore) using defaults
[0.381s] Level 1:colcon.colcon_core.package_discovery:discover_packages(path) discover
[0.381s] Level 1:colcon.colcon_core.package_discovery:discover_packages(path) using defaults
[0.402s] Level 5:colcon.colcon_core.verb:set package 'gantry' build argument 'cmake_args' from command line to 'None'
[0.402s] Level 5:colcon.colcon_core.verb:set package 'gantry' build argument 'cmake_target' from command line to 'None'
[0.403s] Level 5:colcon.colcon_core.verb:set package 'gantry' build argument 'cmake_target_skip_unavailable' from command line to 'False'
[0.403s] Level 5:colcon.colcon_core.verb:set package 'gantry' build argument 'cmake_clean_cache' from command line to 'False'
[0.403s] Level 5:colcon.colcon_core.verb:set package 'gantry' build argument 'cmake_clean_first' from command line to 'False'
[0.403s] Level 5:colcon.colcon_core.verb:set package 'gantry' build argument 'cmake_force_configure' from command line to 'False'
[0.403s] Level 5:colcon.colcon_core.verb:set package 'gantry' build argument 'ament_cmake_args' from command line to 'None'
[0.403s] Level 5:colcon.colcon_core.verb:set package 'gantry' build argument 'catkin_cmake_args' from command line to 'None'
[0.403s] Level 5:colcon.colcon_core.verb:set package 'gantry' build argument 'catkin_skip_building_tests' from command line to 'False'
[0.403s] DEBUG:colcon.colcon_core.verb:Building package 'gantry' with the following arguments: {'ament_cmake_args': None, 'build_base': '/home/jkbc/dev/ece349/wksp/build/gantry', 'catkin_cmake_args': None, 'catkin_skip_building_tests': False, 'cmake_args': None, 'cmake_clean_cache': False, 'cmake_clean_first': False, 'cmake_force_configure': False, 'cmake_target': None, 'cmake_target_skip_unavailable': False, 'install_base': '/home/jkbc/dev/ece349/wksp/install/gantry', 'merge_install': False, 'path': '/home/jkbc/dev/ece349/wksp/src/gantry', 'symlink_install': False, 'test_result_base': None}
[0.403s] INFO:colcon.colcon_core.executor:Executing jobs using 'parallel' executor
[0.403s] DEBUG:colcon.colcon_parallel_executor.executor.parallel:run_until_complete
[0.404s] INFO:colcon.colcon_ros.task.ament_python.build:Building ROS package in '/home/jkbc/dev/ece349/wksp/src/gantry' with build type 'ament_python'
[0.404s] Level 1:colcon.colcon_core.shell:create_environment_hook('gantry', 'ament_prefix_path')
[0.407s] INFO:colcon.colcon_core.plugin_system:Skipping extension 'colcon_core.shell.bat': Not used on non-Windows systems
[0.407s] INFO:colcon.colcon_core.shell:Creating environment hook '/home/jkbc/dev/ece349/wksp/install/gantry/share/gantry/hook/ament_prefix_path.ps1'
[0.408s] INFO:colcon.colcon_core.shell:Creating environment descriptor '/home/jkbc/dev/ece349/wksp/install/gantry/share/gantry/hook/ament_prefix_path.dsv'
[0.408s] INFO:colcon.colcon_core.shell:Creating environment hook '/home/jkbc/dev/ece349/wksp/install/gantry/share/gantry/hook/ament_prefix_path.sh'
[0.409s] INFO:colcon.colcon_core.shell:Skip shell extension 'powershell' for command environment: Not usable outside of PowerShell
[0.409s] DEBUG:colcon.colcon_core.shell:Skip shell extension 'dsv' for command environment
[0.683s] INFO:colcon.colcon_core.task.python.build:Building Python package in '/home/jkbc/dev/ece349/wksp/src/gantry'
[0.683s] INFO:colcon.colcon_core.shell:Skip shell extension 'powershell' for command environment: Not usable outside of PowerShell
[0.683s] DEBUG:colcon.colcon_core.shell:Skip shell extension 'dsv' for command environment
[1.163s] DEBUG:colcon.colcon_core.event_handler.log_command:Invoking command in '/home/jkbc/dev/ece349/wksp/src/gantry': DEBUGINFOD_URLS=https://debuginfod.archlinux.org PYTHONPATH=/home/jkbc/dev/ece349/wksp/build/gantry/prefix_override:/home/jkbc/dev/ece349/wksp/install/gantry/lib/python3.12/site-packages:${PYTHONPATH} _=/usr/bin/env /usr/bin/python -W ignore:setup.py install is deprecated setup.py egg_info --egg-base ../../build/gantry build --build-base /home/jkbc/dev/ece349/wksp/build/gantry/build install --record /home/jkbc/dev/ece349/wksp/build/gantry/install.log --single-version-externally-managed install_data
[1.674s] DEBUG:colcon.colcon_core.event_handler.log_command:Invoked command in '/home/jkbc/dev/ece349/wksp/src/gantry' returned '0': DEBUGINFOD_URLS=https://debuginfod.archlinux.org PYTHONPATH=/home/jkbc/dev/ece349/wksp/build/gantry/prefix_override:/home/jkbc/dev/ece349/wksp/install/gantry/lib/python3.12/site-packages:${PYTHONPATH} _=/usr/bin/env /usr/bin/python -W ignore:setup.py install is deprecated setup.py egg_info --egg-base ../../build/gantry build --build-base /home/jkbc/dev/ece349/wksp/build/gantry/build install --record /home/jkbc/dev/ece349/wksp/build/gantry/install.log --single-version-externally-managed install_data
[1.687s] Level 1:colcon.colcon_core.environment:checking '/home/jkbc/dev/ece349/wksp/install/gantry' for CMake module files
[1.688s] Level 1:colcon.colcon_core.environment:checking '/home/jkbc/dev/ece349/wksp/install/gantry' for CMake config files
[1.688s] Level 1:colcon.colcon_core.environment:checking '/home/jkbc/dev/ece349/wksp/install/gantry/lib'
[1.688s] Level 1:colcon.colcon_core.environment:checking '/home/jkbc/dev/ece349/wksp/install/gantry/bin'
[1.688s] Level 1:colcon.colcon_core.environment:checking '/home/jkbc/dev/ece349/wksp/install/gantry/lib/pkgconfig/gantry.pc'
[1.689s] Level 1:colcon.colcon_core.environment:checking '/home/jkbc/dev/ece349/wksp/install/gantry/lib/python3.12/site-packages'
[1.689s] Level 1:colcon.colcon_core.shell:create_environment_hook('gantry', 'pythonpath')
[1.689s] INFO:colcon.colcon_core.shell:Creating environment hook '/home/jkbc/dev/ece349/wksp/install/gantry/share/gantry/hook/pythonpath.ps1'
[1.689s] INFO:colcon.colcon_core.shell:Creating environment descriptor '/home/jkbc/dev/ece349/wksp/install/gantry/share/gantry/hook/pythonpath.dsv'
[1.689s] INFO:colcon.colcon_core.shell:Creating environment hook '/home/jkbc/dev/ece349/wksp/install/gantry/share/gantry/hook/pythonpath.sh'
[1.690s] Level 1:colcon.colcon_core.environment:checking '/home/jkbc/dev/ece349/wksp/install/gantry/bin'
[1.690s] Level 1:colcon.colcon_core.environment:create_environment_scripts_only(gantry)
[1.690s] INFO:colcon.colcon_core.shell:Creating package script '/home/jkbc/dev/ece349/wksp/install/gantry/share/gantry/package.ps1'
[1.691s] INFO:colcon.colcon_core.shell:Creating package descriptor '/home/jkbc/dev/ece349/wksp/install/gantry/share/gantry/package.dsv'
[1.691s] INFO:colcon.colcon_core.shell:Creating package script '/home/jkbc/dev/ece349/wksp/install/gantry/share/gantry/package.sh'
[1.692s] INFO:colcon.colcon_core.shell:Creating package script '/home/jkbc/dev/ece349/wksp/install/gantry/share/gantry/package.bash'
[1.693s] INFO:colcon.colcon_core.shell:Creating package script '/home/jkbc/dev/ece349/wksp/install/gantry/share/gantry/package.zsh'
[1.693s] Level 1:colcon.colcon_core.environment:create_file_with_runtime_dependencies(/home/jkbc/dev/ece349/wksp/install/gantry/share/colcon-core/packages/gantry)
[1.694s] DEBUG:colcon.colcon_parallel_executor.executor.parallel:closing loop
[1.694s] DEBUG:colcon.colcon_parallel_executor.executor.parallel:loop closed
[1.694s] DEBUG:colcon.colcon_parallel_executor.executor.parallel:run_until_complete finished with '0'
[1.694s] DEBUG:colcon.colcon_core.event_reactor:joining thread
[1.709s] INFO:colcon.colcon_core.plugin_system:Skipping extension 'colcon_notification.desktop_notification.terminal_notifier': Not used on non-Darwin systems
[1.709s] INFO:colcon.colcon_core.plugin_system:Skipping extension 'colcon_notification.desktop_notification.win32': Not used on non-Windows systems
[1.709s] INFO:colcon.colcon_notification.desktop_notification:Sending desktop notification using 'notify2'
[1.712s] DEBUG:colcon.colcon_core.event_reactor:joined thread
[1.712s] INFO:colcon.colcon_core.shell:Creating prefix script '/home/jkbc/dev/ece349/wksp/install/local_setup.ps1'
[1.714s] INFO:colcon.colcon_core.shell:Creating prefix util module '/home/jkbc/dev/ece349/wksp/install/_local_setup_util_ps1.py'
[1.715s] INFO:colcon.colcon_core.shell:Creating prefix chain script '/home/jkbc/dev/ece349/wksp/install/setup.ps1'
[1.716s] INFO:colcon.colcon_core.shell:Creating prefix script '/home/jkbc/dev/ece349/wksp/install/local_setup.sh'
[1.717s] INFO:colcon.colcon_core.shell:Creating prefix util module '/home/jkbc/dev/ece349/wksp/install/_local_setup_util_sh.py'
[1.718s] INFO:colcon.colcon_core.shell:Creating prefix chain script '/home/jkbc/dev/ece349/wksp/install/setup.sh'
[1.719s] INFO:colcon.colcon_core.shell:Creating prefix script '/home/jkbc/dev/ece349/wksp/install/local_setup.bash'
[1.720s] INFO:colcon.colcon_core.shell:Creating prefix chain script '/home/jkbc/dev/ece349/wksp/install/setup.bash'
[1.721s] INFO:colcon.colcon_core.shell:Creating prefix script '/home/jkbc/dev/ece349/wksp/install/local_setup.zsh'
[1.722s] INFO:colcon.colcon_core.shell:Creating prefix chain script '/home/jkbc/dev/ece349/wksp/install/setup.zsh'
